error: Enums need to specify what kind of tagging they use

         = help: Use #[description(untagged)] for untagged enums, and #[description(tag = "type")] for internally tagged variants. Other kinds are not supported.

  --> tests/ui/fail/enum_wrong_tag.rs:13:6
   |
13 | enum Door {
   |      ^^^^
